Date,Referral,People,Retained3,RetainedAll
2024-02-16,meetup.com,1,1,1
